src/components/ForumSection.tsx(3,19): error TS1484: 'Article' is a type and must be imported using a type-only import when 'verbatimModuleSyntax' is enabled.
src/components/ForumSection.tsx(3,28): error TS1484: 'Sector' is a type and must be imported using a type-only import when 'verbatimModuleSyntax' is enabled.
src/components/ForumSection.tsx(3,28): error TS6133: 'Sector' is declared but its value is never read.
